[makesaz.com/index.html]
[backblue.gif]
[fade.gif]
[index.html]
[makesaz.com/xmlrpc0db0.php]
[makesaz.com/feed/index.html]
[makesaz.com/comments/feed/index.html]
[makesaz.com/wp-includes/wlwmanifest.xml]
[makesaz.com/wp-json/index.html]
[makesaz.com/wp-content/uploads/2021/06/dogs-seniors.jpg]
[makesaz.com/category/dogs/index.html]
[makesaz.com/privacy-policy/index.html]
[makesaz.com/wp-content/uploads/2021/05/pexels-glenn-2664417-1024x1021.jpg]
[makesaz.com/10-best-dogs-for-seniors-that-are-low-maintenance-and-full-of-love/index.html]
[makesaz.com/10-best-dogs-for-seniors-that-are-low-maintenance-and-full-of-love/2/index.html]
[makesaz.com/10-best-dogs-for-seniors-that-are-low-maintenance-and-full-of-love/3/index.html]
[makesaz.com/wp-content/uploads/2021/05/dog-4415649_1280-1-1024x678.jpg]
[makesaz.com/10-best-dogs-for-seniors-that-are-low-maintenance-and-full-of-love/4/index.html]
[makesaz.com/10-best-dogs-for-seniors-that-are-low-maintenance-and-full-of-love/5/index.html]
[makesaz.com/10-best-dogs-for-seniors-that-are-low-maintenance-and-full-of-love/6/index.html]
[stats.wp.com/e-202202.js]
[makesaz.com/10-best-dogs-for-seniors-that-are-low-maintenance-and-full-of-love/7/index.html]
[makesaz.com/10-best-dogs-for-seniors-that-are-low-maintenance-and-full-of-love/8/index.html]
[makesaz.com/10-best-dogs-for-seniors-that-are-low-maintenance-and-full-of-love/9/index.html]
[makesaz.com/10-best-dogs-for-seniors-that-are-low-maintenance-and-full-of-love/10/index.html]
[makesaz.com/wp-content/plugins/wp-rocket/assets/js/lazyload/12.0/lazyload.min.js]
[makesaz.com/how-dogs-cry-for-help/index.html]
[makesaz.com/can-you-understand-dogs-language-10-ways-dogs-show-their-love-for-you/index.html]
[makesaz.com/can-you-understand-dogs-language-10-ways-dogs-show-their-love-for-you/3/index.html]
[makesaz.com/wp-content/cache/min/1/0b51bea67bd9719af0a22ed7b2c0fc30.js]
[makesaz.com/index.html]
[makesaz.com/can-you-understand-dogs-language-10-ways-dogs-show-their-love-for-you/4/index.html]
[makesaz.com/can-you-understand-dogs-language-10-ways-dogs-show-their-love-for-you/5/index.html]
[makesaz.com/can-you-understand-dogs-language-10-ways-dogs-show-their-love-for-you/6/index.html]
[makesaz.com/can-you-understand-dogs-language-10-ways-dogs-show-their-love-for-you/2/index.html]
[makesaz.com/can-you-understand-dogs-language-10-ways-dogs-show-their-love-for-you/7/index.html]
[makesaz.com/can-you-understand-dogs-language-10-ways-dogs-show-their-love-for-you/8/index.html]
[makesaz.com/can-you-understand-dogs-language-10-ways-dogs-show-their-love-for-you/9/index.html]
[makesaz.com/wp-content/plugins/sassy-social-share/images/transparent_bg.png]
[makesaz.com/wp-content/plugins/jetpack/modules/carousel/images/arrows.png]
[makesaz.com/wp-content/plugins/jetpack/modules/carousel/images/arrows-2x.png]
[makesaz.com/can-you-understand-dogs-language-10-ways-dogs-show-their-love-for-you/10/index.html]
[makesaz.com/wp-content/plugins/jetpack/modules/carousel/images/carousel-spritee4da.png]
[makesaz.com/wp-content/plugins/jetpack/modules/carousel/images/carousel-sprite-2xe4da.png]
[makesaz.com/wp-content/plugins/jetpack/modules/shortcodes/img/slideshow-controls.png]
[makesaz.com/wp-content/plugins/jetpack/modules/shortcodes/img/slideshow-controls-2x.png]
[makesaz.com/wp-content/plugins/jetpack/modules/shortcodes/images/slide-nav.png]
[makesaz.com/wp-content/plugins/jetpack/modules/shortcodes/images/expand.png]
[makesaz.com/wp-content/plugins/jetpack/modules/shortcodes/images/collapse.png]
[secure.gravatar.com/images/grav-share-sprite.png]
[makesaz.com/wp-content/cache/min/1/a79da522d4a01d45b6a742f6e6199d47.css]
[makesaz.com/wp-json/wp/v2/categories/2.json]
[makesaz.com/category/dogs/index.html]
[makesaz.com/category/dogs/feed/index.html]
[makesaz.com/wp-json/wp/v2/pages/3.json]
[makesaz.com/privacy-policy/feed/index.html]
[makesaz.com/wp-json/oembed/1.0/embedc787.json]
[makesaz.com/wp-json/oembed/1.0/embed3419]
[assets.pinterest.com/js/pinmarklet2a3b.js]
[makesaz.com/wp-content/cache/min/1/d37c1f6997ea238576d31ebe2ba9eb64.js]
[makesaz.com/privacy-policy/index.html]
[makesaz.com/10-best-dogs-for-seniors-that-are-low-maintenance-and-full-of-love/feed/index.html]
[makesaz.com/wp-json/wp/v2/posts/59.json]
[makesaz.com/wp-json/oembed/1.0/embedac9c.json]
[makesaz.com/wp-json/oembed/1.0/embedf504]
[pagead2.googlesyndication.com/pagead/js/f.txt]
[makesaz.com/wp-content/uploads/2021/06/animal-portrait-2499092_640.jpg]
[makesaz.com/wp-content/uploads/2021/05/open-next-page.jpg]
[makesaz.com/wp-content/cache/min/1/2e169003cfd59af2d34a65a26b474239.js]
[makesaz.com/10-best-dogs-for-seniors-that-are-low-maintenance-and-full-of-love/index.html]
[makesaz.com/wp-content/uploads/2021/06/beagle-3877115_640.jpg]
[makesaz.com/wp-content/cache/min/1/adc6f59600bc424c59da37c91ab3c2ce.js]
[makesaz.com/10-best-dogs-for-seniors-that-are-low-maintenance-and-full-of-love/2/index.html]
[makesaz.com/wp-content/uploads/2021/06/dog-1606600_640.jpg]
[makesaz.com/10-best-dogs-for-seniors-that-are-low-maintenance-and-full-of-love/3/index.html]
[makesaz.com/wp-content/uploads/2021/06/pug-4314106_640.jpg]
[makesaz.com/10-best-dogs-for-seniors-that-are-low-maintenance-and-full-of-love/4/index.html]
[makesaz.com/wp-content/uploads/2021/06/corgi-4267251_640.jpg]
[makesaz.com/10-best-dogs-for-seniors-that-are-low-maintenance-and-full-of-love/5/index.html]
[makesaz.com/wp-content/uploads/2021/06/nature-3047194_640.jpg]
[makesaz.com/10-best-dogs-for-seniors-that-are-low-maintenance-and-full-of-love/6/index.html]
[makesaz.com/wp-content/uploads/2021/06/french-bulldog-4278114_640.jpg]
[makesaz.com/10-best-dogs-for-seniors-that-are-low-maintenance-and-full-of-love/7/index.html]
[makesaz.com/wp-content/uploads/2021/06/dog-1113398_640.jpg]
[makesaz.com/10-best-dogs-for-seniors-that-are-low-maintenance-and-full-of-love/8/index.html]
[makesaz.com/wp-content/uploads/2021/06/corgi-4269446_640.jpg]
[makesaz.com/10-best-dogs-for-seniors-that-are-low-maintenance-and-full-of-love/9/index.html]
[makesaz.com/wp-content/uploads/2021/06/basset-hound-6297366_640.jpg]
[makesaz.com/wp-content/cache/min/1/58ed981e29e739ba3e521d78157c791e.js]
[makesaz.com/10-best-dogs-for-seniors-that-are-low-maintenance-and-full-of-love/10/index.html]
[makesaz.com/wp-json/wp/v2/posts/49.json]
[makesaz.com/how-dogs-cry-for-help/feed/index.html]
[makesaz.com/wp-json/oembed/1.0/embedb107.json]
[makesaz.com/wp-json/oembed/1.0/embed78bb]
[makesaz.com/wp-content/uploads/2021/05/camylla-battani-JgdgKvYgiwI-unsplash.jpg]
[makesaz.com/wp-content/uploads/2021/05/lauren-kay-Z819bGz43B8-unsplash.jpg]
[makesaz.com/wp-content/uploads/2021/05/chewy-fGxiRXr2oZg-unsplash.jpg]
[makesaz.com/wp-content/uploads/2021/05/sleepy.jpg]
[makesaz.com/wp-content/uploads/2021/05/Rubbing-his-face.jpg]
[makesaz.com/wp-content/cache/min/1/bfbef2dd6cffc83bb713af0685ebf957.js]
[makesaz.com/how-dogs-cry-for-help/index.html]
[makesaz.com/can-you-understand-dogs-language-10-ways-dogs-show-their-love-for-you/feed/index.html]
[makesaz.com/wp-json/wp/v2/posts/28.json]
[makesaz.com/wp-json/oembed/1.0/embed5ea5.json]
[makesaz.com/wp-json/oembed/1.0/embedf01e]
[makesaz.com/wp-content/uploads/2021/05/Holding-Eye-Contact.jpg]
[makesaz.com/can-you-understand-dogs-language-10-ways-dogs-show-their-love-for-you/index.html]
[makesaz.com/wp-content/uploads/2021/05/hen-Sleeping-with-You-on-your-bed.jpg]
[makesaz.com/can-you-understand-dogs-language-10-ways-dogs-show-their-love-for-you/2/index.html]
[makesaz.com/wp-content/uploads/2021/05/Its-Happy-When-You-Get-Home-1024x576.jpg]
[makesaz.com/can-you-understand-dogs-language-10-ways-dogs-show-their-love-for-you/3/index.html]
[makesaz.com/wp-content/uploads/2021/05/When-It-Brings-His-Toys-1024x538.jpg]
[makesaz.com/can-you-understand-dogs-language-10-ways-dogs-show-their-love-for-you/4/index.html]
[makesaz.com/wp-content/uploads/2021/05/When-It-Wants-to-pick-You-Up.png]
[makesaz.com/can-you-understand-dogs-language-10-ways-dogs-show-their-love-for-you/5/index.html]
[makesaz.com/wp-content/uploads/2021/05/Seeking-Physical-Contact-1024x576.jpg]
[makesaz.com/can-you-understand-dogs-language-10-ways-dogs-show-their-love-for-you/6/index.html]
[makesaz.com/wp-content/uploads/2021/05/Once-you-leave-and-its-Calm-1024x555.jpg]
[makesaz.com/can-you-understand-dogs-language-10-ways-dogs-show-their-love-for-you/7/index.html]
[makesaz.com/wp-content/uploads/2021/05/He-tries-to-follow-your-rules.jpg]
[makesaz.com/can-you-understand-dogs-language-10-ways-dogs-show-their-love-for-you/8/index.html]
[makesaz.com/wp-content/uploads/2021/05/When-He-Hugs-1024x576.jpg]
[makesaz.com/can-you-understand-dogs-language-10-ways-dogs-show-their-love-for-you/9/index.html]
[makesaz.com/wp-content/uploads/2021/05/Your-Dog-Can-Feel-your-Emotions.jpg]
[makesaz.com/can-you-understand-dogs-language-10-ways-dogs-show-their-love-for-you/10/index.html]
[makesaz.com/wp-content/plugins/theia-post-slider-premium/assets/images/ajax-loader.gif]
[makesaz.com/wp-content/plugins/theia-post-slider-premium/assets/fonts/fonts/theia-post-slider-font3d43.eot]
[makesaz.com/wp-content/plugins/theia-post-slider-premium/assets/fonts/fonts/theia-post-slider-fontd41d.eot]
[makesaz.com/wp-content/plugins/theia-post-slider-premium/assets/fonts/fonts/theia-post-slider-font3d43.woff]
[makesaz.com/wp-content/plugins/theia-post-slider-premium/assets/fonts/fonts/theia-post-slider-font3d43.ttf]
[makesaz.com/wp-content/cache/min/1/67093ecf7b4fcea239a164548560a853.css]
[makesaz.com/index2207.html]
[makesaz.com/xmlrpc.php]
[makesaz.com/index1098.html]
[makesaz.com/index0012.html]
[makesaz.com/index3c55.html]
[makesaz.com/wp-content/plugins/theia-post-slider-premium/assets/fonts/fonts/theia-post-slider-font3d43.svg]
